
  .   ____          _            __ _ _
 /\\ / ___'_ __ _ _(_)_ __  __ _ \ \ \ \
( ( )\___ | '_ | '_| | '_ \/ _` | \ \ \ \
 \\/  ___)| |_)| | | | | || (_| |  ) ) ) )
  '  |____| .__|_| |_|_| |_\__, | / / / /
 =========|_|==============|___/=/_/_/_/

 :: Spring Boot ::       (v4.1.1-SNAPSHOT)

2026-08-08T13:43:02.864+05:30  INFO 9380 --- [truck-ai] [           main] c.example.truck_ai.TruckAiApplication    : Starting TruckAiApplication using Java 26.0.1 with PID 9380 (E:\truck-ai\truck-ai\target\classes started by hp in E:\truck-ai\truck-ai)
2026-08-08T13:43:02.870+05:30 DEBUG 9380 --- [truck-ai] [           main] c.example.truck_ai.TruckAiApplication    : Running with Spring Boot v4.1.1-SNAPSHOT, Spring v7.0.9-SNAPSHOT
2026-08-08T13:43:02.871+05:30  INFO 9380 --- [truck-ai] [           main] c.example.truck_ai.TruckAiApplication    : No active profile set, falling back to 1 default profile: "default"
2026-08-08T13:43:03.397+05:30  INFO 9380 --- [truck-ai] [           main] .s.d.r.c.RepositoryConfigurationDelegate : Bootstrapping Spring Data JPA repositories in DEFAULT mode.
2026-08-08T13:43:03.488+05:30  INFO 9380 --- [truck-ai] [           main] .s.d.r.c.RepositoryConfigurationDelegate : Finished Spring Data repository scanning in 85 ms. Found 3 JPA repository interfaces.
2026-08-08T13:43:03.813+05:30  INFO 9380 --- [truck-ai] [           main] o.s.boot.tomcat.TomcatWebServer          : Tomcat initialized with port 8084 (http)
2026-08-08T13:43:03.822+05:30  INFO 9380 --- [truck-ai] [           main] o.apache.catalina.core.StandardService   : Starting service [Tomcat]
2026-08-08T13:43:03.822+05:30  INFO 9380 --- [truck-ai] [           main] o.apache.catalina.core.StandardEngine    : Starting Servlet engine: [Apache Tomcat/11.0.24]
2026-08-08T13:43:03.862+05:30  INFO 9380 --- [truck-ai] [           main] b.w.c.s.WebApplicationContextInitializer : Root WebApplicationContext: initialization completed in 946 ms
2026-08-08T13:43:03.972+05:30  INFO 9380 --- [truck-ai] [           main] org.hibernate.orm.jpa                    : HHH008540: Processing PersistenceUnitInfo [name: default]
2026-08-08T13:43:04.002+05:30  INFO 9380 --- [truck-ai] [           main] org.hibernate.orm.core                   : HHH000001: Hibernate ORM core version 7.4.5.Final
2026-08-08T13:43:04.275+05:30  INFO 9380 --- [truck-ai] [           main] o.s.o.j.p.SpringPersistenceUnitInfo      : No LoadTimeWeaver setup: ignoring JPA class transformer
2026-08-08T13:43:04.296+05:30  INFO 9380 --- [truck-ai] [           main] com.zaxxer.hikari.HikariDataSource       : HikariPool-1 - Starting...
2026-08-08T13:43:04.523+05:30  INFO 9380 --- [truck-ai] [           main] com.zaxxer.hikari.pool.HikariPool        : HikariPool-1 - Added connection org.postgresql.jdbc.PgConnection@3b01897f
2026-08-08T13:43:04.525+05:30  INFO 9380 --- [truck-ai] [           main] com.zaxxer.hikari.HikariDataSource       : HikariPool-1 - Start completed.
2026-08-08T13:43:04.545+05:30  WARN 9380 --- [truck-ai] [           main] org.hibernate.orm.deprecation            : HHH90000025: PostgreSQLDialect does not need to be specified explicitly using 'hibernate.dialect' (remove the property setting and it will be selected by default)
2026-08-08T13:43:04.562+05:30  INFO 9380 --- [truck-ai] [           main] org.hibernate.orm.connections.pooling    : HHH10001005: Database info:
	Database JDBC URL [jdbc:postgresql://localhost:8081/truckai]
	Database driver: PostgreSQL JDBC Driver
	Database dialect: PostgreSQLDialect
	Database version: 16.14
	Default catalog/schema: truckai/public
	Autocommit mode: undefined/unknown
	Isolation level: READ_COMMITTED [default READ_COMMITTED]
	JDBC fetch size: none
	Pool: DataSourceConnectionProvider
	Minimum pool size: undefined/unknown
	Maximum pool size: undefined/unknown
2026-08-08T13:43:05.541+05:30  INFO 9380 --- [truck-ai] [           main] org.hibernate.orm.core                   : HHH000489: No JTA platform available (set 'hibernate.transaction.jta.platform' to enable JTA platform integration)
2026-08-08T13:43:05.654+05:30  INFO 9380 --- [truck-ai] [           main] j.LocalContainerEntityManagerFactoryBean : Initialized JPA EntityManagerFactory for persistence unit 'default'
2026-08-08T13:43:05.738+05:30  INFO 9380 --- [truck-ai] [           main] o.s.d.j.r.query.QueryEnhancerFactories   : Hibernate is in classpath; If applicable, HQL parser will be used.
2026-08-08T13:43:07.446+05:30  INFO 9380 --- [truck-ai] [           main] com.example.truck_ai.config.AiConfig     : KEY LOADED: null
2026-08-08T13:43:07.505+05:30  WARN 9380 --- [truck-ai] [           main] JpaBaseConfiguration$JpaWebConfiguration : spring.jpa.open-in-view is enabled by default. Therefore, database queries may be performed during view rendering. Explicitly configure spring.jpa.open-in-view to disable this warning
2026-08-08T13:43:07.906+05:30  INFO 9380 --- [truck-ai] [           main] o.s.boot.tomcat.TomcatWebServer          : Tomcat started on port 8084 (http) with context path '/'
2026-08-08T13:43:07.910+05:30  INFO 9380 --- [truck-ai] [           main] c.example.truck_ai.TruckAiApplication    : Started TruckAiApplication in 5.332 seconds (process running for 5.633)
2026-08-08T13:43:49.803+05:30  INFO 9380 --- [truck-ai] [nio-8084-exec-2] o.a.c.c.C.[Tomcat].[localhost].[/]       : Initializing Spring DispatcherServlet 'dispatcherServlet'
2026-08-08T13:43:49.803+05:30  INFO 9380 --- [truck-ai] [nio-8084-exec-2] o.s.web.servlet.DispatcherServlet        : Initializing Servlet 'dispatcherServlet'
2026-08-08T13:43:49.805+05:30  INFO 9380 --- [truck-ai] [nio-8084-exec-2] o.s.web.servlet.DispatcherServlet        : Completed initialization in 2 ms
2026-08-08T13:43:49.833+05:30  INFO 9380 --- [truck-ai] [nio-8084-exec-2] c.e.truck_ai.controller.TripController   : HTTP GET /api/trips
2026-08-08T13:43:49.833+05:30 DEBUG 9380 --- [truck-ai] [nio-8084-exec-2] c.example.truck_ai.service.TripService   : getAllTrips() start
Hibernate: 
    select
        t1_0.trip_id,
        t1_0.completed_at,
        t1_0.destination_place,
        t1_0.origin_place,
        t1_0.started_at,
        t1_0.status,
        t1_0.vehicle_id 
    from
        trips t1_0
2026-08-08T13:43:49.896+05:30  INFO 9380 --- [truck-ai] [nio-8084-exec-2] c.example.truck_ai.service.TripService   : getAllTrips(): found 8 trips
Hibernate: 
    select
        v1_0.vehicle_id,
        v1_0.current_driver_name,
        v1_0.fleet_owner_id 
    from
        vehicles v1_0 
    where
        v1_0.vehicle_id=?
Hibernate: 
    select
        v1_0.vehicle_id,
        v1_0.current_driver_name,
        v1_0.fleet_owner_id 
    from
        vehicles v1_0 
    where
        v1_0.vehicle_id=?
Hibernate: 
    select
        v1_0.vehicle_id,
        v1_0.current_driver_name,
        v1_0.fleet_owner_id 
    from
        vehicles v1_0 
    where
        v1_0.vehicle_id=?
Hibernate: 
    select
        v1_0.vehicle_id,
        v1_0.current_driver_name,
        v1_0.fleet_owner_id 
    from
        vehicles v1_0 
    where
        v1_0.vehicle_id=?
Hibernate: 
    select
        v1_0.vehicle_id,
        v1_0.current_driver_name,
        v1_0.fleet_owner_id 
    from
        vehicles v1_0 
    where
        v1_0.vehicle_id=?
Hibernate: 
    select
        v1_0.vehicle_id,
        v1_0.current_driver_name,
        v1_0.fleet_owner_id 
    from
        vehicles v1_0 
    where
        v1_0.vehicle_id=?
Hibernate: 
    select
        v1_0.vehicle_id,
        v1_0.current_driver_name,
        v1_0.fleet_owner_id 
    from
        vehicles v1_0 
    where
        v1_0.vehicle_id=?
Hibernate: 
    select
        v1_0.vehicle_id,
        v1_0.current_driver_name,
        v1_0.fleet_owner_id 
    from
        vehicles v1_0 
    where
        v1_0.vehicle_id=?
2026-08-08T13:43:50.131+05:30  INFO 9380 --- [truck-ai] [io-8084-exec-10] c.e.truck_ai.controller.TripController   : HTTP GET /api/trips
2026-08-08T13:43:50.131+05:30 DEBUG 9380 --- [truck-ai] [io-8084-exec-10] c.example.truck_ai.service.TripService   : getAllTrips() start
Hibernate: 
    select
        t1_0.trip_id,
        t1_0.completed_at,
        t1_0.destination_place,
        t1_0.origin_place,
        t1_0.started_at,
        t1_0.status,
        t1_0.vehicle_id 
    from
        trips t1_0
2026-08-08T13:43:50.135+05:30  INFO 9380 --- [truck-ai] [io-8084-exec-10] c.example.truck_ai.service.TripService   : getAllTrips(): found 8 trips
Hibernate: 
    select
        v1_0.vehicle_id,
        v1_0.current_driver_name,
        v1_0.fleet_owner_id 
    from
        vehicles v1_0 
    where
        v1_0.vehicle_id=?
Hibernate: 
    select
        v1_0.vehicle_id,
        v1_0.current_driver_name,
        v1_0.fleet_owner_id 
    from
        vehicles v1_0 
    where
        v1_0.vehicle_id=?
Hibernate: 
    select
        v1_0.vehicle_id,
        v1_0.current_driver_name,
        v1_0.fleet_owner_id 
    from
        vehicles v1_0 
    where
        v1_0.vehicle_id=?
Hibernate: 
    select
        v1_0.vehicle_id,
        v1_0.current_driver_name,
        v1_0.fleet_owner_id 
    from
        vehicles v1_0 
    where
        v1_0.vehicle_id=?
Hibernate: 
    select
        v1_0.vehicle_id,
        v1_0.current_driver_name,
        v1_0.fleet_owner_id 
    from
        vehicles v1_0 
    where
        v1_0.vehicle_id=?
Hibernate: 
    select
        v1_0.vehicle_id,
        v1_0.current_driver_name,
        v1_0.fleet_owner_id 
    from
        vehicles v1_0 
    where
        v1_0.vehicle_id=?
Hibernate: 
    select
        v1_0.vehicle_id,
        v1_0.current_driver_name,
        v1_0.fleet_owner_id 
    from
        vehicles v1_0 
    where
        v1_0.vehicle_id=?
Hibernate: 
    select
        v1_0.vehicle_id,
        v1_0.current_driver_name,
        v1_0.fleet_owner_id 
    from
        vehicles v1_0 
    where
        v1_0.vehicle_id=?
2026-08-08T13:43:55.561+05:30  INFO 9380 --- [truck-ai] [nio-8084-exec-2] c.e.truck_ai.controller.TripController   : HTTP GET /api/trips
2026-08-08T13:43:55.561+05:30 DEBUG 9380 --- [truck-ai] [nio-8084-exec-2] c.example.truck_ai.service.TripService   : getAllTrips() start
Hibernate: 
    select
        t1_0.trip_id,
        t1_0.completed_at,
        t1_0.destination_place,
        t1_0.origin_place,
        t1_0.started_at,
        t1_0.status,
        t1_0.vehicle_id 
    from
        trips t1_0
2026-08-08T13:43:55.570+05:30  INFO 9380 --- [truck-ai] [nio-8084-exec-2] c.example.truck_ai.service.TripService   : getAllTrips(): found 8 trips
Hibernate: 
    select
        v1_0.vehicle_id,
        v1_0.current_driver_name,
        v1_0.fleet_owner_id 
    from
        vehicles v1_0 
    where
        v1_0.vehicle_id=?
Hibernate: 
    select
        v1_0.vehicle_id,
        v1_0.current_driver_name,
        v1_0.fleet_owner_id 
    from
        vehicles v1_0 
    where
        v1_0.vehicle_id=?
Hibernate: 
    select
        v1_0.vehicle_id,
        v1_0.current_driver_name,
        v1_0.fleet_owner_id 
    from
        vehicles v1_0 
    where
        v1_0.vehicle_id=?
Hibernate: 
    select
        v1_0.vehicle_id,
        v1_0.current_driver_name,
        v1_0.fleet_owner_id 
    from
        vehicles v1_0 
    where
        v1_0.vehicle_id=?
Hibernate: 
    select
        v1_0.vehicle_id,
        v1_0.current_driver_name,
        v1_0.fleet_owner_id 
    from
        vehicles v1_0 
    where
        v1_0.vehicle_id=?
Hibernate: 
    select
        v1_0.vehicle_id,
        v1_0.current_driver_name,
        v1_0.fleet_owner_id 
    from
        vehicles v1_0 
    where
        v1_0.vehicle_id=?
Hibernate: 
    select
        v1_0.vehicle_id,
        v1_0.current_driver_name,
        v1_0.fleet_owner_id 
    from
        vehicles v1_0 
    where
        v1_0.vehicle_id=?
Hibernate: 
    select
        v1_0.vehicle_id,
        v1_0.current_driver_name,
        v1_0.fleet_owner_id 
    from
        vehicles v1_0 
    where
        v1_0.vehicle_id=?
[ERROR] Failed to execute goal org.springframework.boot:spring-boot-maven-plugin:4.1.1-SNAPSHOT:run (default-cli) on project truck-ai: Process terminated with exit code: -1 -> [Help 1]
[ERROR] 
[ERROR] To see the full stack trace of the errors, re-run Maven with the -e switch.
[ERROR] Re-run Maven using the -X switch to enable full debug logging.
[ERROR] 
[ERROR] For more information about the errors and possible solutions, please read the following articles:
[ERROR] [Help 1] http://cwiki.apache.org/confluence/display/MAVEN/MojoExecutionException
