
  .   ____          _            __ _ _
 /\\ / ___'_ __ _ _(_)_ __  __ _ \ \ \ \
( ( )\___ | '_ | '_| | '_ \/ _` | \ \ \ \
 \\/  ___)| |_)| | | | | || (_| |  ) ) ) )
  '  |____| .__|_| |_|_| |_\__, | / / / /
 =========|_|==============|___/=/_/_/_/

 :: Spring Boot ::       (v4.1.1-SNAPSHOT)

2026-08-08T12:52:52.892+05:30  INFO 15352 --- [truck-ai] [           main] c.example.truck_ai.TruckAiApplication    : Starting TruckAiApplication using Java 26.0.1 with PID 15352 (E:\truck-ai\truck-ai\target\classes started by hp in E:\truck-ai\truck-ai)
2026-08-08T12:52:52.894+05:30 DEBUG 15352 --- [truck-ai] [           main] c.example.truck_ai.TruckAiApplication    : Running with Spring Boot v4.1.1-SNAPSHOT, Spring v7.0.9-SNAPSHOT
2026-08-08T12:52:52.895+05:30  INFO 15352 --- [truck-ai] [           main] c.example.truck_ai.TruckAiApplication    : No active profile set, falling back to 1 default profile: "default"
2026-08-08T12:52:53.435+05:30  INFO 15352 --- [truck-ai] [           main] .s.d.r.c.RepositoryConfigurationDelegate : Bootstrapping Spring Data JPA repositories in DEFAULT mode.
2026-08-08T12:52:53.553+05:30  INFO 15352 --- [truck-ai] [           main] .s.d.r.c.RepositoryConfigurationDelegate : Finished Spring Data repository scanning in 112 ms. Found 3 JPA repository interfaces.
2026-08-08T12:52:53.953+05:30  INFO 15352 --- [truck-ai] [           main] o.s.boot.tomcat.TomcatWebServer          : Tomcat initialized with port 8084 (http)
2026-08-08T12:52:53.962+05:30  INFO 15352 --- [truck-ai] [           main] o.apache.catalina.core.StandardService   : Starting service [Tomcat]
2026-08-08T12:52:53.962+05:30  INFO 15352 --- [truck-ai] [           main] o.apache.catalina.core.StandardEngine    : Starting Servlet engine: [Apache Tomcat/11.0.24]
2026-08-08T12:52:54.010+05:30  INFO 15352 --- [truck-ai] [           main] b.w.c.s.WebApplicationContextInitializer : Root WebApplicationContext: initialization completed in 1076 ms
2026-08-08T12:52:54.163+05:30  INFO 15352 --- [truck-ai] [           main] org.hibernate.orm.jpa                    : HHH008540: Processing PersistenceUnitInfo [name: default]
2026-08-08T12:52:54.202+05:30  INFO 15352 --- [truck-ai] [           main] org.hibernate.orm.core                   : HHH000001: Hibernate ORM core version 7.4.5.Final
2026-08-08T12:52:54.534+05:30  INFO 15352 --- [truck-ai] [           main] o.s.o.j.p.SpringPersistenceUnitInfo      : No LoadTimeWeaver setup: ignoring JPA class transformer
2026-08-08T12:52:54.557+05:30  INFO 15352 --- [truck-ai] [           main] com.zaxxer.hikari.HikariDataSource       : HikariPool-1 - Starting...
2026-08-08T12:52:54.697+05:30  INFO 15352 --- [truck-ai] [           main] com.zaxxer.hikari.pool.HikariPool        : HikariPool-1 - Added connection org.postgresql.jdbc.PgConnection@407f2029
2026-08-08T12:52:54.700+05:30  INFO 15352 --- [truck-ai] [           main] com.zaxxer.hikari.HikariDataSource       : HikariPool-1 - Start completed.
2026-08-08T12:52:54.724+05:30  WARN 15352 --- [truck-ai] [           main] org.hibernate.orm.deprecation            : HHH90000025: PostgreSQLDialect does not need to be specified explicitly using 'hibernate.dialect' (remove the property setting and it will be selected by default)
2026-08-08T12:52:54.743+05:30  INFO 15352 --- [truck-ai] [           main] org.hibernate.orm.connections.pooling    : HHH10001005: Database info:
	Database JDBC URL [jdbc:postgresql://localhost:8081/truckai]
	Database driver: PostgreSQL JDBC Driver
	Database dialect: PostgreSQLDialect
	Database version: 16.14
	Default catalog/schema: truckai/public
	Autocommit mode: undefined/unknown
	Isolation level: READ_COMMITTED [default READ_COMMITTED]
	JDBC fetch size: none
	Pool: DataSourceConnectionProvider
	Minimum pool size: undefined/unknown
	Maximum pool size: undefined/unknown
2026-08-08T12:52:56.062+05:30  INFO 15352 --- [truck-ai] [           main] org.hibernate.orm.core                   : HHH000489: No JTA platform available (set 'hibernate.transaction.jta.platform' to enable JTA platform integration)
2026-08-08T12:52:56.163+05:30  INFO 15352 --- [truck-ai] [           main] j.LocalContainerEntityManagerFactoryBean : Initialized JPA EntityManagerFactory for persistence unit 'default'
2026-08-08T12:52:56.262+05:30  INFO 15352 --- [truck-ai] [           main] o.s.d.j.r.query.QueryEnhancerFactories   : Hibernate is in classpath; If applicable, HQL parser will be used.
2026-08-08T12:52:57.627+05:30  INFO 15352 --- [truck-ai] [           main] com.example.truck_ai.config.AiConfig     : KEY LOADED: null
2026-08-08T12:52:57.694+05:30  WARN 15352 --- [truck-ai] [           main] JpaBaseConfiguration$JpaWebConfiguration : spring.jpa.open-in-view is enabled by default. Therefore, database queries may be performed during view rendering. Explicitly configure spring.jpa.open-in-view to disable this warning
2026-08-08T12:52:58.111+05:30  INFO 15352 --- [truck-ai] [           main] o.s.boot.tomcat.TomcatWebServer          : Tomcat started on port 8084 (http) with context path '/'
2026-08-08T12:52:58.128+05:30  INFO 15352 --- [truck-ai] [           main] c.example.truck_ai.TruckAiApplication    : Started TruckAiApplication in 5.501 seconds (process running for 5.772)
2026-08-08T12:54:00.509+05:30  INFO 15352 --- [truck-ai] [nio-8084-exec-3] o.a.c.c.C.[Tomcat].[localhost].[/]       : Initializing Spring DispatcherServlet 'dispatcherServlet'
2026-08-08T12:54:00.510+05:30  INFO 15352 --- [truck-ai] [nio-8084-exec-3] o.s.web.servlet.DispatcherServlet        : Initializing Servlet 'dispatcherServlet'
2026-08-08T12:54:00.511+05:30  INFO 15352 --- [truck-ai] [nio-8084-exec-3] o.s.web.servlet.DispatcherServlet        : Completed initialization in 1 ms
2026-08-08T12:54:00.545+05:30  INFO 15352 --- [truck-ai] [nio-8084-exec-3] c.e.truck_ai.controller.TripController   : HTTP GET /api/trips/1
2026-08-08T12:54:00.545+05:30 DEBUG 15352 --- [truck-ai] [nio-8084-exec-3] c.example.truck_ai.service.TripService   : getTripById() start: tripId=1
Hibernate: 
    select
        t1_0.trip_id,
        t1_0.completed_at,
        t1_0.destination_place,
        t1_0.origin_place,
        t1_0.started_at,
        t1_0.status,
        t1_0.vehicle_id 
    from
        trips t1_0 
    where
        t1_0.trip_id=?
Hibernate: 
    select
        v1_0.vehicle_id,
        v1_0.current_driver_name,
        v1_0.fleet_owner_id 
    from
        vehicles v1_0 
    where
        v1_0.vehicle_id=?
2026-08-08T12:54:00.778+05:30  INFO 15352 --- [truck-ai] [nio-8084-exec-4] c.e.truck_ai.controller.TripController   : HTTP GET /api/trips
2026-08-08T12:54:00.778+05:30 DEBUG 15352 --- [truck-ai] [nio-8084-exec-4] c.example.truck_ai.service.TripService   : getAllTrips() start
Hibernate: 
    select
        t1_0.trip_id,
        t1_0.completed_at,
        t1_0.destination_place,
        t1_0.origin_place,
        t1_0.started_at,
        t1_0.status,
        t1_0.vehicle_id 
    from
        trips t1_0
2026-08-08T12:54:00.840+05:30  INFO 15352 --- [truck-ai] [nio-8084-exec-4] c.example.truck_ai.service.TripService   : getAllTrips(): found 8 trips
Hibernate: 
    select
        v1_0.vehicle_id,
        v1_0.current_driver_name,
        v1_0.fleet_owner_id 
    from
        vehicles v1_0 
    where
        v1_0.vehicle_id=?
Hibernate: 
    select
        v1_0.vehicle_id,
        v1_0.current_driver_name,
        v1_0.fleet_owner_id 
    from
        vehicles v1_0 
    where
        v1_0.vehicle_id=?
Hibernate: 
    select
        v1_0.vehicle_id,
        v1_0.current_driver_name,
        v1_0.fleet_owner_id 
    from
        vehicles v1_0 
    where
        v1_0.vehicle_id=?
Hibernate: 
    select
        v1_0.vehicle_id,
        v1_0.current_driver_name,
        v1_0.fleet_owner_id 
    from
        vehicles v1_0 
    where
        v1_0.vehicle_id=?
Hibernate: 
    select
        v1_0.vehicle_id,
        v1_0.current_driver_name,
        v1_0.fleet_owner_id 
    from
        vehicles v1_0 
    where
        v1_0.vehicle_id=?
Hibernate: 
    select
        v1_0.vehicle_id,
        v1_0.current_driver_name,
        v1_0.fleet_owner_id 
    from
        vehicles v1_0 
    where
        v1_0.vehicle_id=?
Hibernate: 
    select
        v1_0.vehicle_id,
        v1_0.current_driver_name,
        v1_0.fleet_owner_id 
    from
        vehicles v1_0 
    where
        v1_0.vehicle_id=?
Hibernate: 
    select
        v1_0.vehicle_id,
        v1_0.current_driver_name,
        v1_0.fleet_owner_id 
    from
        vehicles v1_0 
    where
        v1_0.vehicle_id=?
2026-08-08T12:54:09.889+05:30  INFO 15352 --- [truck-ai] [nio-8084-exec-5] c.e.t.controller.VehicleController       : HTTP GET /api/vehicles
2026-08-08T12:54:09.889+05:30 DEBUG 15352 --- [truck-ai] [nio-8084-exec-5] c.e.truck_ai.service.VehicleService      : getAllVehicles() start
Hibernate: 
    select
        v1_0.vehicle_id,
        v1_0.current_driver_name,
        v1_0.fleet_owner_id 
    from
        vehicles v1_0
2026-08-08T12:54:09.889+05:30  INFO 15352 --- [truck-ai] [nio-8084-exec-5] c.e.truck_ai.service.VehicleService      : getAllVehicles(): found 9 vehicles
2026-08-08T12:54:09.889+05:30  INFO 15352 --- [truck-ai] [nio-8084-exec-6] c.e.truck_ai.controller.TripController   : HTTP GET /api/trips
2026-08-08T12:54:09.889+05:30 DEBUG 15352 --- [truck-ai] [nio-8084-exec-6] c.example.truck_ai.service.TripService   : getAllTrips() start
Hibernate: 
    select
        t1_0.trip_id,
        t1_0.completed_at,
        t1_0.destination_place,
        t1_0.origin_place,
        t1_0.started_at,
        t1_0.status,
        t1_0.vehicle_id 
    from
        trips t1_0
2026-08-08T12:54:09.905+05:30  INFO 15352 --- [truck-ai] [nio-8084-exec-6] c.example.truck_ai.service.TripService   : getAllTrips(): found 8 trips
Hibernate: 
    select
        v1_0.vehicle_id,
        v1_0.current_driver_name,
        v1_0.fleet_owner_id 
    from
        vehicles v1_0 
    where
        v1_0.vehicle_id=?
Hibernate: 
    select
        v1_0.vehicle_id,
        v1_0.current_driver_name,
        v1_0.fleet_owner_id 
    from
        vehicles v1_0 
    where
        v1_0.vehicle_id=?
Hibernate: 
    select
        v1_0.vehicle_id,
        v1_0.current_driver_name,
        v1_0.fleet_owner_id 
    from
        vehicles v1_0 
    where
        v1_0.vehicle_id=?
Hibernate: 
    select
        v1_0.vehicle_id,
        v1_0.current_driver_name,
        v1_0.fleet_owner_id 
    from
        vehicles v1_0 
    where
        v1_0.vehicle_id=?
Hibernate: 
    select
        v1_0.vehicle_id,
        v1_0.current_driver_name,
        v1_0.fleet_owner_id 
    from
        vehicles v1_0 
    where
        v1_0.vehicle_id=?
Hibernate: 
    select
        v1_0.vehicle_id,
        v1_0.current_driver_name,
        v1_0.fleet_owner_id 
    from
        vehicles v1_0 
    where
        v1_0.vehicle_id=?
Hibernate: 
    select
        v1_0.vehicle_id,
        v1_0.current_driver_name,
        v1_0.fleet_owner_id 
    from
        vehicles v1_0 
    where
        v1_0.vehicle_id=?
Hibernate: 
    select
        v1_0.vehicle_id,
        v1_0.current_driver_name,
        v1_0.fleet_owner_id 
    from
        vehicles v1_0 
    where
        v1_0.vehicle_id=?
2026-08-08T12:54:09.905+05:30  INFO 15352 --- [truck-ai] [nio-8084-exec-7] c.e.t.controller.TripEventController     : HTTP GET /api/events
2026-08-08T12:54:09.905+05:30 DEBUG 15352 --- [truck-ai] [nio-8084-exec-7] c.e.truck_ai.service.TripEventService    : getAllEvents() start
Hibernate: 
    select
        te1_0.event_id,
        te1_0.confidence,
        te1_0.detected_language,
        te1_0.estimated_distance_from_previous,
        te1_0.event_type,
        te1_0.extracted_location,
        te1_0.extracted_timestamp,
        te1_0.idempotency_key,
        te1_0.incident_sub_type,
        te1_0.raw_text,
        te1_0.received_at,
        te1_0.sender_name,
        te1_0.source_channel,
        te1_0.status,
        te1_0.trip_id 
    from
        trip_events te1_0 
    order by
        coalesce(te1_0.extracted_timestamp, te1_0.received_at) desc
2026-08-08T12:54:09.953+05:30  INFO 15352 --- [truck-ai] [nio-8084-exec-7] c.e.truck_ai.service.TripEventService    : getAllEvents(): found 70 events
2026-08-08T12:54:09.968+05:30  INFO 15352 --- [truck-ai] [nio-8084-exec-8] c.e.t.controller.DashboardController     : HTTP GET /api/dashboard/summary
2026-08-08T12:54:09.976+05:30 DEBUG 15352 --- [truck-ai] [nio-8084-exec-8] c.e.truck_ai.service.DashboardService    : getSummary() start
Hibernate: 
    select
        count(*) 
    from
        trips t1_0
Hibernate: 
    select
        count(*) 
    from
        trip_events te1_0
Hibernate: 
    select
        count(te1_0.event_id) 
    from
        trip_events te1_0 
    where
        te1_0.confidence<?
Hibernate: 
    select
        t1_0.status,
        count(t1_0.trip_id) 
    from
        trips t1_0 
    group by
        t1_0.status
2026-08-08T12:54:10.068+05:30  INFO 15352 --- [truck-ai] [nio-8084-exec-8] c.e.truck_ai.service.DashboardService    : getSummary(): totalTrips=8, totalEvents=70, lowConfidenceEventCount=2
[ERROR] Failed to execute goal org.springframework.boot:spring-boot-maven-plugin:4.1.1-SNAPSHOT:run (default-cli) on project truck-ai: Process terminated with exit code: -1 -> [Help 1]
[ERROR] 
[ERROR] To see the full stack trace of the errors, re-run Maven with the -e switch.
[ERROR] Re-run Maven using the -X switch to enable full debug logging.
[ERROR] 
[ERROR] For more information about the errors and possible solutions, please read the following articles:
[ERROR] [Help 1] http://cwiki.apache.org/confluence/display/MAVEN/MojoExecutionException
