
  .   ____          _            __ _ _
 /\\ / ___'_ __ _ _(_)_ __  __ _ \ \ \ \
( ( )\___ | '_ | '_| | '_ \/ _` | \ \ \ \
 \\/  ___)| |_)| | | | | || (_| |  ) ) ) )
  '  |____| .__|_| |_|_| |_\__, | / / / /
 =========|_|==============|___/=/_/_/_/

 :: Spring Boot ::       (v4.1.1-SNAPSHOT)

2026-08-08T13:30:42.825+05:30  INFO 8796 --- [truck-ai] [           main] c.example.truck_ai.TruckAiApplication    : Starting TruckAiApplication using Java 26.0.1 with PID 8796 (E:\truck-ai\truck-ai\target\classes started by hp in E:\truck-ai\truck-ai)
2026-08-08T13:30:42.829+05:30 DEBUG 8796 --- [truck-ai] [           main] c.example.truck_ai.TruckAiApplication    : Running with Spring Boot v4.1.1-SNAPSHOT, Spring v7.0.9-SNAPSHOT
2026-08-08T13:30:42.831+05:30  INFO 8796 --- [truck-ai] [           main] c.example.truck_ai.TruckAiApplication    : No active profile set, falling back to 1 default profile: "default"
2026-08-08T13:30:43.587+05:30  INFO 8796 --- [truck-ai] [           main] .s.d.r.c.RepositoryConfigurationDelegate : Bootstrapping Spring Data JPA repositories in DEFAULT mode.
2026-08-08T13:30:43.715+05:30  INFO 8796 --- [truck-ai] [           main] .s.d.r.c.RepositoryConfigurationDelegate : Finished Spring Data repository scanning in 120 ms. Found 3 JPA repository interfaces.
2026-08-08T13:30:44.190+05:30  INFO 8796 --- [truck-ai] [           main] o.s.boot.tomcat.TomcatWebServer          : Tomcat initialized with port 8084 (http)
2026-08-08T13:30:44.203+05:30  INFO 8796 --- [truck-ai] [           main] o.apache.catalina.core.StandardService   : Starting service [Tomcat]
2026-08-08T13:30:44.203+05:30  INFO 8796 --- [truck-ai] [           main] o.apache.catalina.core.StandardEngine    : Starting Servlet engine: [Apache Tomcat/11.0.24]
2026-08-08T13:30:44.256+05:30  INFO 8796 --- [truck-ai] [           main] b.w.c.s.WebApplicationContextInitializer : Root WebApplicationContext: initialization completed in 1380 ms
2026-08-08T13:30:44.398+05:30  INFO 8796 --- [truck-ai] [           main] org.hibernate.orm.jpa                    : HHH008540: Processing PersistenceUnitInfo [name: default]
2026-08-08T13:30:44.438+05:30  INFO 8796 --- [truck-ai] [           main] org.hibernate.orm.core                   : HHH000001: Hibernate ORM core version 7.4.5.Final
2026-08-08T13:30:44.744+05:30  INFO 8796 --- [truck-ai] [           main] o.s.o.j.p.SpringPersistenceUnitInfo      : No LoadTimeWeaver setup: ignoring JPA class transformer
2026-08-08T13:30:44.767+05:30  INFO 8796 --- [truck-ai] [           main] com.zaxxer.hikari.HikariDataSource       : HikariPool-1 - Starting...
2026-08-08T13:30:44.887+05:30  INFO 8796 --- [truck-ai] [           main] com.zaxxer.hikari.pool.HikariPool        : HikariPool-1 - Added connection org.postgresql.jdbc.PgConnection@407f2029
2026-08-08T13:30:44.888+05:30  INFO 8796 --- [truck-ai] [           main] com.zaxxer.hikari.HikariDataSource       : HikariPool-1 - Start completed.
2026-08-08T13:30:44.912+05:30  WARN 8796 --- [truck-ai] [           main] org.hibernate.orm.deprecation            : HHH90000025: PostgreSQLDialect does not need to be specified explicitly using 'hibernate.dialect' (remove the property setting and it will be selected by default)
2026-08-08T13:30:44.930+05:30  INFO 8796 --- [truck-ai] [           main] org.hibernate.orm.connections.pooling    : HHH10001005: Database info:
	Database JDBC URL [jdbc:postgresql://localhost:8081/truckai]
	Database driver: PostgreSQL JDBC Driver
	Database dialect: PostgreSQLDialect
	Database version: 16.14
	Default catalog/schema: truckai/public
	Autocommit mode: undefined/unknown
	Isolation level: READ_COMMITTED [default READ_COMMITTED]
	JDBC fetch size: none
	Pool: DataSourceConnectionProvider
	Minimum pool size: undefined/unknown
	Maximum pool size: undefined/unknown
2026-08-08T13:30:46.269+05:30  INFO 8796 --- [truck-ai] [           main] org.hibernate.orm.core                   : HHH000489: No JTA platform available (set 'hibernate.transaction.jta.platform' to enable JTA platform integration)
2026-08-08T13:30:46.416+05:30  INFO 8796 --- [truck-ai] [           main] j.LocalContainerEntityManagerFactoryBean : Initialized JPA EntityManagerFactory for persistence unit 'default'
2026-08-08T13:30:46.689+05:30  INFO 8796 --- [truck-ai] [           main] o.s.d.j.r.query.QueryEnhancerFactories   : Hibernate is in classpath; If applicable, HQL parser will be used.
2026-08-08T13:30:48.572+05:30  INFO 8796 --- [truck-ai] [           main] com.example.truck_ai.config.AiConfig     : KEY LOADED: null
2026-08-08T13:30:48.668+05:30  WARN 8796 --- [truck-ai] [           main] JpaBaseConfiguration$JpaWebConfiguration : spring.jpa.open-in-view is enabled by default. Therefore, database queries may be performed during view rendering. Explicitly configure spring.jpa.open-in-view to disable this warning
2026-08-08T13:30:49.013+05:30  INFO 8796 --- [truck-ai] [           main] o.s.boot.tomcat.TomcatWebServer          : Tomcat started on port 8084 (http) with context path '/'
2026-08-08T13:30:49.017+05:30  INFO 8796 --- [truck-ai] [           main] c.example.truck_ai.TruckAiApplication    : Started TruckAiApplication in 6.582 seconds (process running for 7.012)
2026-08-08T13:31:10.336+05:30  INFO 8796 --- [truck-ai] [nio-8084-exec-7] o.a.c.c.C.[Tomcat].[localhost].[/]       : Initializing Spring DispatcherServlet 'dispatcherServlet'
2026-08-08T13:31:10.336+05:30  INFO 8796 --- [truck-ai] [nio-8084-exec-7] o.s.web.servlet.DispatcherServlet        : Initializing Servlet 'dispatcherServlet'
2026-08-08T13:31:10.337+05:30  INFO 8796 --- [truck-ai] [nio-8084-exec-7] o.s.web.servlet.DispatcherServlet        : Completed initialization in 1 ms
2026-08-08T13:31:10.356+05:30  INFO 8796 --- [truck-ai] [nio-8084-exec-7] c.e.t.controller.TripEventController     : HTTP GET /api/events: page=0, size=20
2026-08-08T13:31:10.356+05:30 DEBUG 8796 --- [truck-ai] [nio-8084-exec-7] c.e.truck_ai.service.TripEventService    : getAllEvents() start: page=0, size=20
Hibernate: 
    select
        te1_0.event_id,
        te1_0.confidence,
        te1_0.detected_language,
        te1_0.estimated_distance_from_previous,
        te1_0.event_type,
        te1_0.extracted_location,
        te1_0.extracted_timestamp,
        te1_0.idempotency_key,
        te1_0.incident_sub_type,
        te1_0.raw_text,
        te1_0.received_at,
        te1_0.sender_name,
        te1_0.source_channel,
        te1_0.status,
        te1_0.trip_id 
    from
        trip_events te1_0 
    order by
        coalesce(te1_0.extracted_timestamp, te1_0.received_at) desc 
    fetch
        first ? rows only
Hibernate: 
    select
        count(te1_0.event_id) 
    from
        trip_events te1_0
2026-08-08T13:31:10.428+05:30  INFO 8796 --- [truck-ai] [nio-8084-exec-7] c.e.truck_ai.service.TripEventService    : getAllEvents(): found 20 events (page 0 of 4)
2026-08-08T13:31:10.475+05:30  INFO 8796 --- [truck-ai] [io-8084-exec-10] c.e.t.controller.TripEventController     : HTTP GET /api/events: page=0, size=20
2026-08-08T13:31:10.475+05:30 DEBUG 8796 --- [truck-ai] [io-8084-exec-10] c.e.truck_ai.service.TripEventService    : getAllEvents() start: page=0, size=20
Hibernate: 
    select
        te1_0.event_id,
        te1_0.confidence,
        te1_0.detected_language,
        te1_0.estimated_distance_from_previous,
        te1_0.event_type,
        te1_0.extracted_location,
        te1_0.extracted_timestamp,
        te1_0.idempotency_key,
        te1_0.incident_sub_type,
        te1_0.raw_text,
        te1_0.received_at,
        te1_0.sender_name,
        te1_0.source_channel,
        te1_0.status,
        te1_0.trip_id 
    from
        trip_events te1_0 
    order by
        coalesce(te1_0.extracted_timestamp, te1_0.received_at) desc 
    fetch
        first ? rows only
Hibernate: 
    select
        count(te1_0.event_id) 
    from
        trip_events te1_0
2026-08-08T13:31:10.479+05:30  INFO 8796 --- [truck-ai] [io-8084-exec-10] c.e.truck_ai.service.TripEventService    : getAllEvents(): found 20 events (page 0 of 4)
2026-08-08T13:31:10.483+05:30  INFO 8796 --- [truck-ai] [nio-8084-exec-2] c.e.t.controller.TripEventController     : HTTP GET /api/events: page=1, size=20
2026-08-08T13:31:10.483+05:30 DEBUG 8796 --- [truck-ai] [nio-8084-exec-2] c.e.truck_ai.service.TripEventService    : getAllEvents() start: page=1, size=20
Hibernate: 
    select
        te1_0.event_id,
        te1_0.confidence,
        te1_0.detected_language,
        te1_0.estimated_distance_from_previous,
        te1_0.event_type,
        te1_0.extracted_location,
        te1_0.extracted_timestamp,
        te1_0.idempotency_key,
        te1_0.incident_sub_type,
        te1_0.raw_text,
        te1_0.received_at,
        te1_0.sender_name,
        te1_0.source_channel,
        te1_0.status,
        te1_0.trip_id 
    from
        trip_events te1_0 
    order by
        coalesce(te1_0.extracted_timestamp, te1_0.received_at) desc 
    offset
        ? rows 
    fetch
        first ? rows only
Hibernate: 
    select
        count(te1_0.event_id) 
    from
        trip_events te1_0
2026-08-08T13:31:10.488+05:30  INFO 8796 --- [truck-ai] [nio-8084-exec-2] c.e.truck_ai.service.TripEventService    : getAllEvents(): found 20 events (page 1 of 4)
2026-08-08T13:33:14.237+05:30  INFO 8796 --- [truck-ai] [nio-8084-exec-6] c.e.truck_ai.controller.TripController   : HTTP GET /api/trips/1/events: page=0, size=10
2026-08-08T13:33:14.237+05:30 DEBUG 8796 --- [truck-ai] [nio-8084-exec-6] c.e.truck_ai.service.TripEventService    : getEventsByTripIdSortedDesc() start: tripId=1, page=0, size=10
Hibernate: 
    select
        te1_0.event_id,
        te1_0.confidence,
        te1_0.detected_language,
        te1_0.estimated_distance_from_previous,
        te1_0.event_type,
        te1_0.extracted_location,
        te1_0.extracted_timestamp,
        te1_0.idempotency_key,
        te1_0.incident_sub_type,
        te1_0.raw_text,
        te1_0.received_at,
        te1_0.sender_name,
        te1_0.source_channel,
        te1_0.status,
        te1_0.trip_id 
    from
        trip_events te1_0 
    where
        te1_0.trip_id=? 
    order by
        coalesce(te1_0.extracted_timestamp, te1_0.received_at) desc 
    fetch
        first ? rows only
Hibernate: 
    select
        count(te1_0.event_id) 
    from
        trip_events te1_0 
    where
        te1_0.trip_id=?
2026-08-08T13:33:14.247+05:30  INFO 8796 --- [truck-ai] [nio-8084-exec-6] c.e.truck_ai.service.TripEventService    : getEventsByTripIdSortedDesc(): found 10 events for tripId=1 (page 0 of 4)
2026-08-08T13:33:14.251+05:30  INFO 8796 --- [truck-ai] [nio-8084-exec-5] c.e.truck_ai.controller.TripController   : HTTP GET /api/trips/1/events: page=1, size=10
2026-08-08T13:33:14.251+05:30 DEBUG 8796 --- [truck-ai] [nio-8084-exec-5] c.e.truck_ai.service.TripEventService    : getEventsByTripIdSortedDesc() start: tripId=1, page=1, size=10
Hibernate: 
    select
        te1_0.event_id,
        te1_0.confidence,
        te1_0.detected_language,
        te1_0.estimated_distance_from_previous,
        te1_0.event_type,
        te1_0.extracted_location,
        te1_0.extracted_timestamp,
        te1_0.idempotency_key,
        te1_0.incident_sub_type,
        te1_0.raw_text,
        te1_0.received_at,
        te1_0.sender_name,
        te1_0.source_channel,
        te1_0.status,
        te1_0.trip_id 
    from
        trip_events te1_0 
    where
        te1_0.trip_id=? 
    order by
        coalesce(te1_0.extracted_timestamp, te1_0.received_at) desc 
    offset
        ? rows 
    fetch
        first ? rows only
Hibernate: 
    select
        count(te1_0.event_id) 
    from
        trip_events te1_0 
    where
        te1_0.trip_id=?
2026-08-08T13:33:14.255+05:30  INFO 8796 --- [truck-ai] [nio-8084-exec-5] c.e.truck_ai.service.TripEventService    : getEventsByTripIdSortedDesc(): found 10 events for tripId=1 (page 1 of 4)
2026-08-08T13:33:14.259+05:30  INFO 8796 --- [truck-ai] [nio-8084-exec-4] c.e.t.controller.TripEventController     : HTTP GET /api/events?eventType=LOCATION_UPDATE: page=0, size=2
2026-08-08T13:33:14.259+05:30 DEBUG 8796 --- [truck-ai] [nio-8084-exec-4] c.e.truck_ai.service.TripEventService    : getEventsByType() start: eventType=LOCATION_UPDATE, page=0, size=2
Hibernate: 
    select
        te1_0.event_id,
        te1_0.confidence,
        te1_0.detected_language,
        te1_0.estimated_distance_from_previous,
        te1_0.event_type,
        te1_0.extracted_location,
        te1_0.extracted_timestamp,
        te1_0.idempotency_key,
        te1_0.incident_sub_type,
        te1_0.raw_text,
        te1_0.received_at,
        te1_0.sender_name,
        te1_0.source_channel,
        te1_0.status,
        te1_0.trip_id 
    from
        trip_events te1_0 
    where
        te1_0.event_type=? 
    order by
        coalesce(te1_0.extracted_timestamp, te1_0.received_at) desc 
    fetch
        first ? rows only
Hibernate: 
    select
        count(te1_0.event_id) 
    from
        trip_events te1_0 
    where
        te1_0.event_type=?
2026-08-08T13:33:14.263+05:30  INFO 8796 --- [truck-ai] [nio-8084-exec-4] c.e.truck_ai.service.TripEventService    : getEventsByType(): found 2 events for eventType=LOCATION_UPDATE (page 0 of 2)
2026-08-08T13:33:14.266+05:30  INFO 8796 --- [truck-ai] [nio-8084-exec-8] c.e.t.controller.TripEventController     : HTTP GET /api/events?maxConfidence=0.8: page=0, size=1
2026-08-08T13:33:14.266+05:30 DEBUG 8796 --- [truck-ai] [nio-8084-exec-8] c.e.truck_ai.service.TripEventService    : getEventsByMaxConfidence() start: maxConfidence=0.8, page=0, size=1
Hibernate: 
    select
        te1_0.event_id,
        te1_0.confidence,
        te1_0.detected_language,
        te1_0.estimated_distance_from_previous,
        te1_0.event_type,
        te1_0.extracted_location,
        te1_0.extracted_timestamp,
        te1_0.idempotency_key,
        te1_0.incident_sub_type,
        te1_0.raw_text,
        te1_0.received_at,
        te1_0.sender_name,
        te1_0.source_channel,
        te1_0.status,
        te1_0.trip_id 
    from
        trip_events te1_0 
    where
        te1_0.confidence<=? 
    order by
        coalesce(te1_0.extracted_timestamp, te1_0.received_at) desc 
    fetch
        first ? rows only
Hibernate: 
    select
        count(te1_0.event_id) 
    from
        trip_events te1_0 
    where
        te1_0.confidence<=?
2026-08-08T13:33:14.270+05:30  INFO 8796 --- [truck-ai] [nio-8084-exec-8] c.e.truck_ai.service.TripEventService    : getEventsByMaxConfidence(): found 1 events with confidence<=0.8 (page 0 of 2)
2026-08-08T13:33:14.273+05:30  INFO 8796 --- [truck-ai] [nio-8084-exec-9] c.e.t.controller.TripEventController     : HTTP GET /api/events?maxConfidence=0.8: page=1, size=1
2026-08-08T13:33:14.273+05:30 DEBUG 8796 --- [truck-ai] [nio-8084-exec-9] c.e.truck_ai.service.TripEventService    : getEventsByMaxConfidence() start: maxConfidence=0.8, page=1, size=1
Hibernate: 
    select
        te1_0.event_id,
        te1_0.confidence,
        te1_0.detected_language,
        te1_0.estimated_distance_from_previous,
        te1_0.event_type,
        te1_0.extracted_location,
        te1_0.extracted_timestamp,
        te1_0.idempotency_key,
        te1_0.incident_sub_type,
        te1_0.raw_text,
        te1_0.received_at,
        te1_0.sender_name,
        te1_0.source_channel,
        te1_0.status,
        te1_0.trip_id 
    from
        trip_events te1_0 
    where
        te1_0.confidence<=? 
    order by
        coalesce(te1_0.extracted_timestamp, te1_0.received_at) desc 
    offset
        ? rows 
    fetch
        first ? rows only
Hibernate: 
    select
        count(te1_0.event_id) 
    from
        trip_events te1_0 
    where
        te1_0.confidence<=?
2026-08-08T13:33:14.276+05:30  INFO 8796 --- [truck-ai] [nio-8084-exec-9] c.e.truck_ai.service.TripEventService    : getEventsByMaxConfidence(): found 1 events with confidence<=0.8 (page 1 of 2)
2026-08-08T13:33:21.891+05:30  INFO 8796 --- [truck-ai] [nio-8084-exec-3] c.e.t.controller.VehicleController       : HTTP GET /api/vehicles
2026-08-08T13:33:21.891+05:30 DEBUG 8796 --- [truck-ai] [nio-8084-exec-3] c.e.truck_ai.service.VehicleService      : getAllVehicles() start
Hibernate: 
    select
        v1_0.vehicle_id,
        v1_0.current_driver_name,
        v1_0.fleet_owner_id 
    from
        vehicles v1_0
2026-08-08T13:33:21.921+05:30  INFO 8796 --- [truck-ai] [nio-8084-exec-3] c.e.truck_ai.service.VehicleService      : getAllVehicles(): found 9 vehicles
2026-08-08T13:33:21.921+05:30  INFO 8796 --- [truck-ai] [nio-8084-exec-1] c.e.truck_ai.controller.TripController   : HTTP GET /api/trips
2026-08-08T13:33:21.921+05:30 DEBUG 8796 --- [truck-ai] [nio-8084-exec-1] c.example.truck_ai.service.TripService   : getAllTrips() start
Hibernate: 
    select
        t1_0.trip_id,
        t1_0.completed_at,
        t1_0.destination_place,
        t1_0.origin_place,
        t1_0.started_at,
        t1_0.status,
        t1_0.vehicle_id 
    from
        trips t1_0
2026-08-08T13:33:21.941+05:30  INFO 8796 --- [truck-ai] [nio-8084-exec-1] c.example.truck_ai.service.TripService   : getAllTrips(): found 8 trips
Hibernate: 
    select
        v1_0.vehicle_id,
        v1_0.current_driver_name,
        v1_0.fleet_owner_id 
    from
        vehicles v1_0 
    where
        v1_0.vehicle_id=?
Hibernate: 
    select
        v1_0.vehicle_id,
        v1_0.current_driver_name,
        v1_0.fleet_owner_id 
    from
        vehicles v1_0 
    where
        v1_0.vehicle_id=?
Hibernate: 
    select
        v1_0.vehicle_id,
        v1_0.current_driver_name,
        v1_0.fleet_owner_id 
    from
        vehicles v1_0 
    where
        v1_0.vehicle_id=?
Hibernate: 
    select
        v1_0.vehicle_id,
        v1_0.current_driver_name,
        v1_0.fleet_owner_id 
    from
        vehicles v1_0 
    where
        v1_0.vehicle_id=?
Hibernate: 
    select
        v1_0.vehicle_id,
        v1_0.current_driver_name,
        v1_0.fleet_owner_id 
    from
        vehicles v1_0 
    where
        v1_0.vehicle_id=?
Hibernate: 
    select
        v1_0.vehicle_id,
        v1_0.current_driver_name,
        v1_0.fleet_owner_id 
    from
        vehicles v1_0 
    where
        v1_0.vehicle_id=?
Hibernate: 
    select
        v1_0.vehicle_id,
        v1_0.current_driver_name,
        v1_0.fleet_owner_id 
    from
        vehicles v1_0 
    where
        v1_0.vehicle_id=?
Hibernate: 
    select
        v1_0.vehicle_id,
        v1_0.current_driver_name,
        v1_0.fleet_owner_id 
    from
        vehicles v1_0 
    where
        v1_0.vehicle_id=?
2026-08-08T13:33:21.969+05:30  INFO 8796 --- [truck-ai] [nio-8084-exec-7] c.e.t.controller.DashboardController     : HTTP GET /api/dashboard/summary
2026-08-08T13:33:21.969+05:30 DEBUG 8796 --- [truck-ai] [nio-8084-exec-7] c.e.truck_ai.service.DashboardService    : getSummary() start
Hibernate: 
    select
        count(*) 
    from
        trips t1_0
Hibernate: 
    select
        count(*) 
    from
        trip_events te1_0
Hibernate: 
    select
        count(te1_0.event_id) 
    from
        trip_events te1_0 
    where
        te1_0.confidence<?
Hibernate: 
    select
        t1_0.status,
        count(t1_0.trip_id) 
    from
        trips t1_0 
    group by
        t1_0.status
2026-08-08T13:33:22.033+05:30  INFO 8796 --- [truck-ai] [nio-8084-exec-7] c.e.truck_ai.service.DashboardService    : getSummary(): totalTrips=8, totalEvents=70, lowConfidenceEventCount=2
2026-08-08T13:33:22.033+05:30  INFO 8796 --- [truck-ai] [io-8084-exec-10] c.e.t.controller.TripEventController     : HTTP GET /api/events: page=0, size=20
2026-08-08T13:33:22.033+05:30 DEBUG 8796 --- [truck-ai] [io-8084-exec-10] c.e.truck_ai.service.TripEventService    : getAllEvents() start: page=0, size=20
Hibernate: 
    select
        te1_0.event_id,
        te1_0.confidence,
        te1_0.detected_language,
        te1_0.estimated_distance_from_previous,
        te1_0.event_type,
        te1_0.extracted_location,
        te1_0.extracted_timestamp,
        te1_0.idempotency_key,
        te1_0.incident_sub_type,
        te1_0.raw_text,
        te1_0.received_at,
        te1_0.sender_name,
        te1_0.source_channel,
        te1_0.status,
        te1_0.trip_id 
    from
        trip_events te1_0 
    order by
        coalesce(te1_0.extracted_timestamp, te1_0.received_at) desc 
    fetch
        first ? rows only
Hibernate: 
    select
        count(te1_0.event_id) 
    from
        trip_events te1_0
2026-08-08T13:33:22.049+05:30  INFO 8796 --- [truck-ai] [io-8084-exec-10] c.e.truck_ai.service.TripEventService    : getAllEvents(): found 20 events (page 0 of 4)
[ERROR] Failed to execute goal org.springframework.boot:spring-boot-maven-plugin:4.1.1-SNAPSHOT:run (default-cli) on project truck-ai: Process terminated with exit code: -1 -> [Help 1]
[ERROR] 
[ERROR] To see the full stack trace of the errors, re-run Maven with the -e switch.
[ERROR] Re-run Maven using the -X switch to enable full debug logging.
[ERROR] 
[ERROR] For more information about the errors and possible solutions, please read the following articles:
[ERROR] [Help 1] http://cwiki.apache.org/confluence/display/MAVEN/MojoExecutionException
