
  .   ____          _            __ _ _
 /\\ / ___'_ __ _ _(_)_ __  __ _ \ \ \ \
( ( )\___ | '_ | '_| | '_ \/ _` | \ \ \ \
 \\/  ___)| |_)| | | | | || (_| |  ) ) ) )
  '  |____| .__|_| |_|_| |_\__, | / / / /
 =========|_|==============|___/=/_/_/_/

 :: Spring Boot ::       (v4.1.1-SNAPSHOT)

2026-08-07T17:50:38.530+05:30  INFO 26872 --- [truck-ai] [           main] c.example.truck_ai.TruckAiApplication    : Starting TruckAiApplication using Java 26.0.1 with PID 26872 (E:\truck-ai\truck-ai\target\classes started by hp in E:\truck-ai\truck-ai)
2026-08-07T17:50:38.537+05:30 DEBUG 26872 --- [truck-ai] [           main] c.example.truck_ai.TruckAiApplication    : Running with Spring Boot v4.1.1-SNAPSHOT, Spring v7.0.9-SNAPSHOT
2026-08-07T17:50:38.537+05:30  INFO 26872 --- [truck-ai] [           main] c.example.truck_ai.TruckAiApplication    : No active profile set, falling back to 1 default profile: "default"
2026-08-07T17:50:39.239+05:30  INFO 26872 --- [truck-ai] [           main] .s.d.r.c.RepositoryConfigurationDelegate : Bootstrapping Spring Data JPA repositories in DEFAULT mode.
2026-08-07T17:50:39.385+05:30  INFO 26872 --- [truck-ai] [           main] .s.d.r.c.RepositoryConfigurationDelegate : Finished Spring Data repository scanning in 137 ms. Found 3 JPA repository interfaces.
2026-08-07T17:50:39.863+05:30  INFO 26872 --- [truck-ai] [           main] o.s.boot.tomcat.TomcatWebServer          : Tomcat initialized with port 8085 (http)
2026-08-07T17:50:39.875+05:30  INFO 26872 --- [truck-ai] [           main] o.apache.catalina.core.StandardService   : Starting service [Tomcat]
2026-08-07T17:50:39.876+05:30  INFO 26872 --- [truck-ai] [           main] o.apache.catalina.core.StandardEngine    : Starting Servlet engine: [Apache Tomcat/11.0.24]
2026-08-07T17:50:39.940+05:30  INFO 26872 --- [truck-ai] [           main] b.w.c.s.WebApplicationContextInitializer : Root WebApplicationContext: initialization completed in 1352 ms
2026-08-07T17:50:40.125+05:30  INFO 26872 --- [truck-ai] [           main] org.hibernate.orm.jpa                    : HHH008540: Processing PersistenceUnitInfo [name: default]
2026-08-07T17:50:40.172+05:30  INFO 26872 --- [truck-ai] [           main] org.hibernate.orm.core                   : HHH000001: Hibernate ORM core version 7.4.5.Final
2026-08-07T17:50:40.575+05:30  INFO 26872 --- [truck-ai] [           main] o.s.o.j.p.SpringPersistenceUnitInfo      : No LoadTimeWeaver setup: ignoring JPA class transformer
2026-08-07T17:50:40.605+05:30  INFO 26872 --- [truck-ai] [           main] com.zaxxer.hikari.HikariDataSource       : HikariPool-1 - Starting...
2026-08-07T17:50:40.786+05:30  INFO 26872 --- [truck-ai] [           main] com.zaxxer.hikari.pool.HikariPool        : HikariPool-1 - Added connection org.postgresql.jdbc.PgConnection@407f2029
2026-08-07T17:50:40.789+05:30  INFO 26872 --- [truck-ai] [           main] com.zaxxer.hikari.HikariDataSource       : HikariPool-1 - Start completed.
2026-08-07T17:50:40.834+05:30  WARN 26872 --- [truck-ai] [           main] org.hibernate.orm.deprecation            : HHH90000025: PostgreSQLDialect does not need to be specified explicitly using 'hibernate.dialect' (remove the property setting and it will be selected by default)
2026-08-07T17:50:40.863+05:30  INFO 26872 --- [truck-ai] [           main] org.hibernate.orm.connections.pooling    : HHH10001005: Database info:
	Database JDBC URL [jdbc:postgresql://localhost:8081/truckai]
	Database driver: PostgreSQL JDBC Driver
	Database dialect: PostgreSQLDialect
	Database version: 16.14
	Default catalog/schema: truckai/public
	Autocommit mode: undefined/unknown
	Isolation level: READ_COMMITTED [default READ_COMMITTED]
	JDBC fetch size: none
	Pool: DataSourceConnectionProvider
	Minimum pool size: undefined/unknown
	Maximum pool size: undefined/unknown
2026-08-07T17:50:42.037+05:30  INFO 26872 --- [truck-ai] [           main] org.hibernate.orm.core                   : HHH000489: No JTA platform available (set 'hibernate.transaction.jta.platform' to enable JTA platform integration)
2026-08-07T17:50:42.128+05:30  INFO 26872 --- [truck-ai] [           main] j.LocalContainerEntityManagerFactoryBean : Initialized JPA EntityManagerFactory for persistence unit 'default'
2026-08-07T17:50:42.223+05:30  INFO 26872 --- [truck-ai] [           main] o.s.d.j.r.query.QueryEnhancerFactories   : Hibernate is in classpath; If applicable, HQL parser will be used.
2026-08-07T17:50:43.457+05:30  INFO 26872 --- [truck-ai] [           main] com.example.truck_ai.config.AiConfig     : KEY LOADED: null
2026-08-07T17:50:43.503+05:30  WARN 26872 --- [truck-ai] [           main] JpaBaseConfiguration$JpaWebConfiguration : spring.jpa.open-in-view is enabled by default. Therefore, database queries may be performed during view rendering. Explicitly configure spring.jpa.open-in-view to disable this warning
2026-08-07T17:50:43.934+05:30  INFO 26872 --- [truck-ai] [           main] o.s.boot.tomcat.TomcatWebServer          : Tomcat started on port 8085 (http) with context path '/'
2026-08-07T17:50:43.942+05:30  INFO 26872 --- [truck-ai] [           main] c.example.truck_ai.TruckAiApplication    : Started TruckAiApplication in 5.813 seconds (process running for 6.221)
2026-08-07T18:28:57.882+05:30  WARN 26872 --- [truck-ai] [l-1:housekeeper] com.zaxxer.hikari.pool.HikariPool        : HikariPool-1 - Thread starvation or clock leap detected (housekeeper delta=37m16s988ms872µs400ns).
